Microchip MPLAB XC8 Compiler V2.20

Linker command line:

-W-3 --edf=C:\Program Files\Microchip\xc8\v2.20\pic\dat\en_msgs.txt -cn \
  -h+dist/default/production\I2C_18854_24C02.X.production.sym \
  --cmf=dist/default/production\I2C_18854_24C02.X.production.cmf -z \
  -Q16F18854 -oC:\Users\linda\AppData\Local\Temp\sccc.2 \
  --defsym=__MPLAB_BUILD=1 \
  -Mdist/default/production/I2C_18854_24C02.X.production.map -E1 \
  -ver=XC8 Compiler --acfsm=1493 -ASTACK=02033h-021EFh -pstack=STACK \
  -ACODE=00h-07FFhx2 -ASTRCODE=00h-0FFFh -ASTRING=00h-0FFhx16 \
  -ACONST=00h-0FFhx16 -AENTRY=00h-0FFhx16 -ACOMMON=070h-07Fh \
  -ABANK0=020h-06Fh -ABANK1=0A0h-0EFh -ABANK2=0120h-016Fh \
  -ABANK3=01A0h-01EFh -ABANK4=0220h-026Fh -ABANK5=02A0h-02EFh \
  -ABANK6=0320h-032Fh -ABIGRAM=02000h-021EFh \
  -ARAM=020h-06Fh,0A0h-0EFh,0120h-016Fh,01A0h-01EFh,0220h-026Fh,02A0h-02EFh,0320h-032Fh \
  -AABS1=020h-07Fh,0A0h-0EFh,0120h-016Fh,01A0h-01EFh,0220h-026Fh,02A0h-02EFh,0320h-032Fh \
  -ASFR0=00h-01Fh -ASFR1=080h-09Fh -ASFR2=0100h-011Fh -ASFR3=0180h-019Fh \
  -ASFR4=0200h-021Fh -ASFR5=0280h-029Fh -ASFR6=0300h-031Fh \
  -ASFR7=0380h-03EFh -ASFR8=0400h-046Fh -ASFR9=0480h-04EFh \
  -ASFR10=0500h-056Fh -ASFR11=0580h-05EFh -ASFR12=0600h-066Fh \
  -ASFR13=0680h-06EFh -ASFR14=0700h-076Fh -ASFR15=0780h-07EFh \
  -ASFR16=0800h-086Fh -ASFR17=0880h-08EFh -ASFR18=0900h-096Fh \
  -ASFR19=0980h-09EFh -ASFR20=0A00h-0A6Fh -ASFR21=0A80h-0AEFh \
  -ASFR22=0B00h-0B6Fh -ASFR23=0B80h-0BEFh -ASFR24=0C00h-0C6Fh \
  -ASFR25=0C80h-0CEFh -ASFR26=0D00h-0D6Fh -ASFR27=0D80h-0DEFh \
  -ASFR28=0E00h-0E6Fh -ASFR29=0E80h-0EEFh -ASFR30=0F00h-0F6Fh \
  -ASFR31=0F80h-0FEFh -ACONFIG=08007h-0800Bh -DCONFIG=2 \
  -AIDLOC=08000h-08003h -DIDLOC=2 \
  -preset_vec=00h,intentry=04h,init,end_init -ppowerup=CODE -pcinit=CODE \
  -pfunctab=ENTRY -AEEDATA=00h-0FFh/0F000h -peeprom_data=EEDATA -DEEDATA=2 \
  -DCODE=2 -DSTRCODE=2 -DSTRING=2 -DCONST=2 -DENTRY=2 -k \
  C:\Users\linda\AppData\Local\Temp\sccc.o \
  dist/default/production\I2C_18854_24C02.X.production.o 

Object code version is 3.11

Machine type is 16F18854



                Name                               Link     Load   Length Selector   Space Scale
C:\Users\linda\AppData\Local\Temp\sccc.o
                end_init                             25       25        2        8       0
                reset_vec                             0        0        2        0       0
                config                             8007     8007        5        0       4
dist/default/production\I2C_18854_24C02.X.production.o
                cinit                                27       27        C        8       0
                intentry                              4        4       21        8       0
                config                             8007     8007        5        0       4
                text60                              463      463        3      58E       0
                text59                              460      460        3      58E       0
                text58                              36B      36B       10      58E       0
                text57                              281      281       26        8       0
                text56                              3B1      3B1        D      58E       0
                text55                              34A      34A       11      58E       0
                text54                              339      339       11      58E       0
                text53                              328      328       11      58E       0
                text52                              317      317       11      58E       0
                text51                              2FF      2FF       18      58E       0
                text50                              468      468        2      58E       0
                text49                              466      466        2      58E       0
                text48                              45D      45D        3      58E       0
                text47                              441      441        4      58E       0
                text46                              45A      45A        3      58E       0
                text45                              43D      43D        4      58E       0
                text44                              434      434        5      58E       0
                text43                              3FC      3FC        6      58E       0
                text42                              457      457        3      58E       0
                text41                              1D4      1D4       2F        8       0
                text40                              42F      42F        5      58E       0
                text39                              3D0      3D0        9      58E       0
                text38                              3E1      3E1        8      58E       0
                text37                               89       89       55        8       0
                text36                               DE       DE       46        8       0
                text35                              3E9      3E9        7      58E       0
                text34                              42A      42A        5      58E       0
                text33                              425      425        5      58E       0
                text32                              420      420        5      58E       0
                text31                              41B      41B        5      58E       0
                text30                              416      416        5      58E       0
                text29                              411      411        5      58E       0
                text28                              40C      40C        5      58E       0
                text27                              407      407        5      58E       0
                text26                              203      203       2C        8       0
                text25                              454      454        3      58E       0
                text24                              22F      22F       2B        8       0
                text23                              439      439        4      58E       0
                text21                              451      451        3      58E       0
                text20                              44E      44E        3      58E       0
                text19                              44B      44B        3      58E       0
                text18                              2E3      2E3       1C      58E       0
                text17                              448      448        3      58E       0
                text16                              2C7      2C7       1C      58E       0
                text15                              402      402        5      58E       0
                text14                              445      445        3      58E       0
                text13                              3A4      3A4        D      58E       0
                text12                              3F6      3F6        6      58E       0
                text11                              124      124       45        8       0
                text10                              25A      25A       27        8       0
                text9                               389      389        E      58E       0
                text8                               35B      35B       10      58E       0
                text7                               37B      37B        E      58E       0
                text6                               169      169       38        8       0
                text5                               3C7      3C7        9      58E       0
                text4                               3BE      3BE        9      58E       0
                text3                               1A1      1A1       33        8       0
                text2                               3D9      3D9        8      58E       0
                text1                               397      397        D      58E       0
                maintext                             33       33       56        8       0
                cstackBANK0                          3F       3F       14       20       1
                cstackCOMMON                         70       70        D       70       1
                clrtext                             3F0      3F0        6      58E       0
                bssBANK0                             20       20       1F       20       1
                stringtext1                         2A7      2A7       20      54E       0

TOTAL           Name                               Link     Load   Length     Space
        CLASS   STACK          

        CLASS   CODE           
                end_init                             25       25        2         0
                cinit                                27       27        C         0
                intentry                              4        4       21         0
                reset_vec                             0        0        2         0
                text60                              463      463        3         0
                text59                              460      460        3         0
                text58                              36B      36B       10         0
                text57                              281      281       26         0
                text56                              3B1      3B1        D         0
                text55                              34A      34A       11         0
                text54                              339      339       11         0
                text53                              328      328       11         0
                text52                              317      317       11         0
                text51                              2FF      2FF       18         0
                text50                              468      468        2         0
                text49                              466      466        2         0
                text48                              45D      45D        3         0
                text47                              441      441        4         0
                text46                              45A      45A        3         0
                text45                              43D      43D        4         0
                text44                              434      434        5         0
                text43                              3FC      3FC        6         0
                text42                              457      457        3         0
                text41                              1D4      1D4       2F         0
                text40                              42F      42F        5         0
                text39                              3D0      3D0        9         0
                text38                              3E1      3E1        8         0
                text37                               89       89       55         0
                text36                               DE       DE       46         0
                text35                              3E9      3E9        7         0
                text34                              42A      42A        5         0
                text33                              425      425        5         0
                text32                              420      420        5         0
                text31                              41B      41B        5         0
                text30                              416      416        5         0
                text29                              411      411        5         0
                text28                              40C      40C        5         0
                text27                              407      407        5         0
                text26                              203      203       2C         0
                text25                              454      454        3         0
                text24                              22F      22F       2B         0
                text23                              439      439        4         0
                text21                              451      451        3         0
                text20                              44E      44E        3         0
                text19                              44B      44B        3         0
                text18                              2E3      2E3       1C         0
                text17                              448      448        3         0
                text16                              2C7      2C7       1C         0
                text15                              402      402        5         0
                text14                              445      445        3         0
                text13                              3A4      3A4        D         0
                text12                              3F6      3F6        6         0
                text11                              124      124       45         0
                text10                              25A      25A       27         0
                text9                               389      389        E         0
                text8                               35B      35B       10         0
                text7                               37B      37B        E         0
                text6                               169      169       38         0
                text5                               3C7      3C7        9         0
                text4                               3BE      3BE        9         0
                text3                               1A1      1A1       33         0
                text2                               3D9      3D9        8         0
                text1                               397      397        D         0
                maintext                             33       33       56         0
                clrtext                             3F0      3F0        6         0

        CLASS   STRCODE        
                stringtext1                         2A7      2A7       20         0

        CLASS   STRING         

        CLASS   CONST          

        CLASS   ENTRY          

        CLASS   COMMON         
                cstackCOMMON                         70       70        D         1

        CLASS   BANK0          
                cstackBANK0                          3F       3F       14         1
                bssBANK0                             20       20       1F         1

        CLASS   BANK1          

        CLASS   BANK2          

        CLASS   BANK3          

        CLASS   BANK4          

        CLASS   BANK5          

        CLASS   BANK6          

        CLASS   BIGRAM         

        CLASS   RAM            

        CLASS   ABS1           
                abs_s1                               7E       7E        2         1

        CLASS   SFR0           

        CLASS   SFR1           

        CLASS   SFR2           

        CLASS   SFR3           

        CLASS   SFR4           

        CLASS   SFR5           

        CLASS   SFR6           

        CLASS   SFR7           

        CLASS   SFR8           

        CLASS   SFR9           

        CLASS   SFR10          

        CLASS   SFR11          

        CLASS   SFR12          

        CLASS   SFR13          

        CLASS   SFR14          

        CLASS   SFR15          

        CLASS   SFR16          

        CLASS   SFR17          

        CLASS   SFR18          

        CLASS   SFR19          

        CLASS   SFR20          

        CLASS   SFR21          

        CLASS   SFR22          

        CLASS   SFR23          

        CLASS   SFR24          

        CLASS   SFR25          

        CLASS   SFR26          

        CLASS   SFR27          

        CLASS   SFR28          

        CLASS   SFR29          

        CLASS   SFR30          

        CLASS   SFR31          

        CLASS   CONFIG         
                config                             8007     8007        5         4

        CLASS   IDLOC          

        CLASS   EEDATA         

        CLASS   BANK31         

        CLASS   BANK30         

        CLASS   BANK29         

        CLASS   BANK28         

        CLASS   BANK27         

        CLASS   BANK26         

        CLASS   BANK25         

        CLASS   BANK24         

        CLASS   BANK23         

        CLASS   BANK22         

        CLASS   BANK21         

        CLASS   BANK20         

        CLASS   BANK19         

        CLASS   BANK18         

        CLASS   BANK17         

        CLASS   BANK16         

        CLASS   BANK15         

        CLASS   BANK14         

        CLASS   BANK13         

        CLASS   BANK12         

        CLASS   BANK11         

        CLASS   BANK10         

        CLASS   BANK9          

        CLASS   BANK8          

        CLASS   BANK7          



SEGMENTS        Name                           Load    Length   Top    Selector   Space  Class     Delta

                reset_vec                      000000  000002  000002         0       0  CODE        2
                intentry                       000004  0002A3  0002A7         8       0  CODE        2
                bssBANK0                       000020  000033  000053        20       1  BANK0       1
                cstackCOMMON                   000070  00000D  00007D        70       1  COMMON      1
                stringtext1                    0002A7  000020  0002C7       54E       0  STRCODE     2
                text16                         0002C7  0001A3  00046A       58E       0  CODE        2


UNUSED ADDRESS RANGES

        Name                Unused          Largest block    Delta
        BANK0            00053-0006F              1D           1
        BANK1            000A0-000EF              50           1
        BANK2            00120-0016F              50           1
        BANK3            001A0-001EF              50           1
        BANK4            00220-0026F              50           1
        BANK5            002A0-002EF              50           1
        BANK6            00320-0032F              10           1
        BIGRAM           02000-021EF             1F0           1
        CODE             00002-00003               2           2
                         0046A-00FFF             396
        COMMON           0007D-0007D               1           1
        CONST            00002-00003               2           2
                         0046A-00FFF             100
        EEDATA           0F000-0F0FF             100           2
        ENTRY            00002-00003               2           2
                         0046A-00FFF             100
        IDLOC            08000-08003               4           2
        RAM              00053-0006F              1D           1
                         000A0-000EF              50
                         00120-0016F              50
                         001A0-001EF              50
                         00220-0026F              50
                         002A0-002EF              50
                         00320-0032F              10
        SFR0             00000-0001F              20           1
        SFR1             00080-0009F              20           1
        SFR10            00500-0056F              70           1
        SFR11            00580-005EF              70           1
        SFR12            00600-0066F              70           1
        SFR13            00680-006EF              70           1
        SFR14            00700-0076F              70           1
        SFR15            00780-007EF              70           1
        SFR16            00800-0086F              70           1
        SFR17            00880-008EF              70           1
        SFR18            00900-0096F              70           1
        SFR19            00980-009EF              70           1
        SFR2             00100-0011F              20           1
        SFR20            00A00-00A6F              70           1
        SFR21            00A80-00AEF              70           1
        SFR22            00B00-00B6F              70           1
        SFR23            00B80-00BEF              70           1
        SFR24            00C00-00C6F              70           1
        SFR25            00C80-00CEF              70           1
        SFR26            00D00-00D6F              70           1
        SFR27            00D80-00DEF              70           1
        SFR28            00E00-00E6F              70           1
        SFR29            00E80-00EEF              70           1
        SFR3             00180-0019F              20           1
        SFR30            00F00-00F6F              70           1
        SFR31            00F80-00FEF              70           1
        SFR4             00200-0021F              20           1
        SFR5             00280-0029F              20           1
        SFR6             00300-0031F              20           1
        SFR7             00380-003EF              70           1
        SFR8             00400-0046F              70           1
        SFR9             00480-004EF              70           1
        STACK            02033-021EF             1BD           1
        STRCODE          00002-00003               2           2
                         0046A-00FFF             B96
        STRING           00002-00003               2           2
                         0046A-00FFF             100

                                  Symbol Table

I2C1_CallbackReturnReset@funPtr           cstackCOMMON 00079
I2C1_Close@returnValue                    cstackBANK0  00043
I2C1_MasterOperation@read                 cstackBANK0  00043
I2C1_MasterOperation@returnValue          cstackBANK0  00044
I2C1_MasterSendTxData@data                cstackCOMMON 00070
I2C1_Open@address                         cstackBANK0  00045
I2C1_Open@returnValue                     cstackBANK0  00046
I2C1_Read1ByteRegister@address            cstackBANK0  0004D
I2C1_Read1ByteRegister@reg                cstackBANK0  0004B
I2C1_Read1ByteRegister@returnValue        cstackBANK0  0004E
I2C1_SetAddressNackCallback@cb            cstackBANK0  00047
I2C1_SetAddressNackCallback@ptr           cstackBANK0  00049
I2C1_SetBuffer@buffer                     cstackBANK0  00045
I2C1_SetBuffer@bufferSize                 cstackBANK0  00042
I2C1_SetCallback@cb                       cstackBANK0  00042
I2C1_SetCallback@idx                      cstackBANK0  00046
I2C1_SetCallback@ptr                      cstackBANK0  00044
I2C1_SetDataCompleteCallback@cb           cstackBANK0  00047
I2C1_SetDataCompleteCallback@ptr          cstackBANK0  00049
I2C1_SetInterruptHandler@InterruptHandler cstackBANK0  00042
_ANSELA                                   (abs)        00F38
_ANSELB                                   (abs)        00F43
_ANSELC                                   (abs)        00F4E
_I2C1_CallbackReturnReset                 text49       00466
_I2C1_CallbackReturnStop                  text50       00468
_I2C1_Close                               text18       002E3
_I2C1_DO_ADDRESS_NACK                     text26       00203
_I2C1_DO_IDLE                             text40       0042F
_I2C1_DO_RCEN                             text35       003E9
_I2C1_DO_RESET                            text27       00407
_I2C1_DO_RX                               text36       000DE
_I2C1_DO_RX_ACK                           text30       00416
_I2C1_DO_RX_NACK_RESTART                  text28       0040C
_I2C1_DO_RX_NACK_STOP                     text29       00411
_I2C1_DO_SEND_ADR_READ                    text39       003D0
_I2C1_DO_SEND_ADR_WRITE                   text38       003E1
_I2C1_DO_SEND_RESTART                     text32       00420
_I2C1_DO_SEND_RESTART_READ                text34       0042A
_I2C1_DO_SEND_RESTART_WRITE               text33       00425
_I2C1_DO_SEND_STOP                        text31       0041B
_I2C1_DO_TX                               text37       00089
_I2C1_DO_TX_EMPTY                         text41       001D4
_I2C1_Initialize                          text5        003C7
_I2C1_MasterClearIrq                      text21       00451
_I2C1_MasterClose                         text20       0044E
_I2C1_MasterDisableIrq                    text19       0044B
_I2C1_MasterEnableIrq                     text14       00445
_I2C1_MasterEnableRestart                 text60       00463
_I2C1_MasterFsm                           text24       0022F
_I2C1_MasterGetRxData                     text46       0045A
_I2C1_MasterIsNack                        text43       003FC
_I2C1_MasterIsr                           text23       00439
_I2C1_MasterOpen                          text13       003A4
_I2C1_MasterOperation                     text16       002C7
_I2C1_MasterSendAck                       text45       0043D
_I2C1_MasterSendNack                      text47       00441
_I2C1_MasterSendTxData                    text44       00434
_I2C1_MasterSetIrq                        text42       00457
_I2C1_MasterStart                         text17       00448
_I2C1_MasterStartRx                       text48       0045D
_I2C1_MasterStop                          text59       00460
_I2C1_MasterWrite                         text15       00402
_I2C1_Open                                text11       00124
_I2C1_Read1ByteRegister                   text6        00169
_I2C1_SetAddressNackCallback              text9        00389
_I2C1_SetBuffer                           text8        0035B
_I2C1_SetCallback                         text10       0025A
_I2C1_SetDataCompleteCallback             text7        0037B
_I2C1_SetInterruptHandler                 text12       003F6
_I2C1_Status                              bssBANK0     00020
_INLVLA                                   (abs)        00F3C
_INLVLB                                   (abs)        00F47
_INLVLC                                   (abs)        00F52
_INLVLE                                   (abs)        00F68
_INTCONbits                               (abs)        0000B
_INTERRUPT_InterruptManager               intentry     00004
_LATA                                     (abs)        00016
_LATB                                     (abs)        00017
_LATC                                     (abs)        00018
_MSSP1_InterruptHandler                   bssBANK0     0003D
_ODCONA                                   (abs)        00F3A
_ODCONB                                   (abs)        00F45
_ODCONC                                   (abs)        00F50
_OSCCON1                                  (abs)        0088D
_OSCCON3                                  (abs)        0088F
_OSCEN                                    (abs)        00891
_OSCFRQ                                   (abs)        00893
_OSCILLATOR_Initialize                    text4        003BE
_OSCTUNE                                  (abs)        00892
_PIE3bits                                 (abs)        00719
_PIN_MANAGER_Initialize                   text3        001A1
_PIR3bits                                 (abs)        0070F
_PMD0                                     (abs)        00796
_PMD1                                     (abs)        00797
_PMD2                                     (abs)        00798
_PMD3                                     (abs)        00799
_PMD4                                     (abs)        0079A
_PMD5                                     (abs)        0079B
_PMD_Initialize                           text2        003D9
_RA1                                      (abs)        00061
_RC3PPS                                   (abs)        00F23
_RC4PPS                                   (abs)        00F24
_SLRCONA                                  (abs)        00F3B
_SLRCONB                                  (abs)        00F46
_SLRCONC                                  (abs)        00F51
_SSP1ADD                                  (abs)        0018D
_SSP1BUF                                  (abs)        0018C
_SSP1CLKPPS                               (abs)        00EC5
_SSP1CON1                                 (abs)        00190
_SSP1CON1bits                             (abs)        00190
_SSP1CON2                                 (abs)        00191
_SSP1CON2bits                             (abs)        00191
_SSP1DATPPS                               (abs)        00EC6
_SSP1STAT                                 (abs)        0018F
_SSP1STATbits                             (abs)        0018F
_SYSTEM_Initialize                        text1        00397
_TRISA                                    (abs)        00011
_TRISB                                    (abs)        00012
_TRISC                                    (abs)        00013
_WPUA                                     (abs)        00F39
_WPUB                                     (abs)        00F44
_WPUC                                     (abs)        00F4F
_WPUE                                     (abs)        00F65
__Habs1                                   abs1         00000
__Hbank0                                  bank0        00000
__Hbank1                                  bank1        00000
__Hbank10                                 bank10       00000
__Hbank11                                 bank11       00000
__Hbank12                                 bank12       00000
__Hbank13                                 bank13       00000
__Hbank14                                 bank14       00000
__Hbank15                                 bank15       00000
__Hbank16                                 bank16       00000
__Hbank17                                 bank17       00000
__Hbank18                                 bank18       00000
__Hbank19                                 bank19       00000
__Hbank2                                  bank2        00000
__Hbank20                                 bank20       00000
__Hbank21                                 bank21       00000
__Hbank22                                 bank22       00000
__Hbank23                                 bank23       00000
__Hbank24                                 bank24       00000
__Hbank25                                 bank25       00000
__Hbank26                                 bank26       00000
__Hbank27                                 bank27       00000
__Hbank28                                 bank28       00000
__Hbank29                                 bank29       00000
__Hbank3                                  bank3        00000
__Hbank30                                 bank30       00000
__Hbank31                                 bank31       00000
__Hbank4                                  bank4        00000
__Hbank5                                  bank5        00000
__Hbank6                                  bank6        00000
__Hbank7                                  bank7        00000
__Hbank8                                  bank8        00000
__Hbank9                                  bank9        00000
__Hbigram                                 bigram       00000
__HbssBANK0                               bssBANK0     00000
__Hcinit                                  cinit        00033
__Hclrtext                                clrtext      00000
__Hcode                                   code         00000
__Hcommon                                 common       00000
__Hconfig                                 config       0800C
__HcstackBANK0                            cstackBANK0  00000
__HcstackCOMMON                           cstackCOMMON 00000
__Heeprom_data                            eeprom_data  00000
__Hend_init                               end_init     00027
__Hfunctab                                functab      00000
__Hinit                                   init         00025
__Hintentry                               intentry     00025
__Hmaintext                               maintext     00000
__Hpowerup                                powerup      00000
__Hram                                    ram          00000
__Hreset_vec                              reset_vec    00002
__Hsfr0                                   sfr0         00000
__Hsfr1                                   sfr1         00000
__Hsfr10                                  sfr10        00000
__Hsfr11                                  sfr11        00000
__Hsfr12                                  sfr12        00000
__Hsfr13                                  sfr13        00000
__Hsfr14                                  sfr14        00000
__Hsfr15                                  sfr15        00000
__Hsfr16                                  sfr16        00000
__Hsfr17                                  sfr17        00000
__Hsfr18                                  sfr18        00000
__Hsfr19                                  sfr19        00000
__Hsfr2                                   sfr2         00000
__Hsfr20                                  sfr20        00000
__Hsfr21                                  sfr21        00000
__Hsfr22                                  sfr22        00000
__Hsfr23                                  sfr23        00000
__Hsfr24                                  sfr24        00000
__Hsfr25                                  sfr25        00000
__Hsfr26                                  sfr26        00000
__Hsfr27                                  sfr27        00000
__Hsfr28                                  sfr28        00000
__Hsfr29                                  sfr29        00000
__Hsfr3                                   sfr3         00000
__Hsfr30                                  sfr30        00000
__Hsfr31                                  sfr31        00000
__Hsfr4                                   sfr4         00000
__Hsfr5                                   sfr5         00000
__Hsfr6                                   sfr6         00000
__Hsfr7                                   sfr7         00000
__Hsfr8                                   sfr8         00000
__Hsfr9                                   sfr9         00000
__Hspace_0                                (abs)        0046A
__Hspace_1                                (abs)        0007D
__Hspace_2                                (abs)        00000
__Hspace_3                                (abs)        00000
__Hspace_4                                (abs)        10013
__Hstack                                  stack        00000
__Hstrings                                strings      00000
__Hstringtext1                            stringtext1  00000
__Htext                                   text         00000
__Labs1                                   abs1         00000
__Lbank0                                  bank0        00000
__Lbank1                                  bank1        00000
__Lbank10                                 bank10       00000
__Lbank11                                 bank11       00000
__Lbank12                                 bank12       00000
__Lbank13                                 bank13       00000
__Lbank14                                 bank14       00000
__Lbank15                                 bank15       00000
__Lbank16                                 bank16       00000
__Lbank17                                 bank17       00000
__Lbank18                                 bank18       00000
__Lbank19                                 bank19       00000
__Lbank2                                  bank2        00000
__Lbank20                                 bank20       00000
__Lbank21                                 bank21       00000
__Lbank22                                 bank22       00000
__Lbank23                                 bank23       00000
__Lbank24                                 bank24       00000
__Lbank25                                 bank25       00000
__Lbank26                                 bank26       00000
__Lbank27                                 bank27       00000
__Lbank28                                 bank28       00000
__Lbank29                                 bank29       00000
__Lbank3                                  bank3        00000
__Lbank30                                 bank30       00000
__Lbank31                                 bank31       00000
__Lbank4                                  bank4        00000
__Lbank5                                  bank5        00000
__Lbank6                                  bank6        00000
__Lbank7                                  bank7        00000
__Lbank8                                  bank8        00000
__Lbank9                                  bank9        00000
__Lbigram                                 bigram       00000
__LbssBANK0                               bssBANK0     00000
__Lcinit                                  cinit        00027
__Lclrtext                                clrtext      00000
__Lcode                                   code         00000
__Lcommon                                 common       00000
__Lconfig                                 config       00000
__LcstackBANK0                            cstackBANK0  00000
__LcstackCOMMON                           cstackCOMMON 00000
__Leeprom_data                            eeprom_data  00000
__Lend_init                               end_init     00025
__Lfunctab                                functab      00000
__Linit                                   init         00025
__Lintentry                               intentry     00004
__Lmaintext                               maintext     00000
__Lpowerup                                powerup      00000
__Lram                                    ram          00000
__Lreset_vec                              reset_vec    00000
__Lsfr0                                   sfr0         00000
__Lsfr1                                   sfr1         00000
__Lsfr10                                  sfr10        00000
__Lsfr11                                  sfr11        00000
__Lsfr12                                  sfr12        00000
__Lsfr13                                  sfr13        00000
__Lsfr14                                  sfr14        00000
__Lsfr15                                  sfr15        00000
__Lsfr16                                  sfr16        00000
__Lsfr17                                  sfr17        00000
__Lsfr18                                  sfr18        00000
__Lsfr19                                  sfr19        00000
__Lsfr2                                   sfr2         00000
__Lsfr20                                  sfr20        00000
__Lsfr21                                  sfr21        00000
__Lsfr22                                  sfr22        00000
__Lsfr23                                  sfr23        00000
__Lsfr24                                  sfr24        00000
__Lsfr25                                  sfr25        00000
__Lsfr26                                  sfr26        00000
__Lsfr27                                  sfr27        00000
__Lsfr28                                  sfr28        00000
__Lsfr29                                  sfr29        00000
__Lsfr3                                   sfr3         00000
__Lsfr30                                  sfr30        00000
__Lsfr31                                  sfr31        00000
__Lsfr4                                   sfr4         00000
__Lsfr5                                   sfr5         00000
__Lsfr6                                   sfr6         00000
__Lsfr7                                   sfr7         00000
__Lsfr8                                   sfr8         00000
__Lsfr9                                   sfr9         00000
__Lspace_0                                (abs)        00000
__Lspace_1                                (abs)        00000
__Lspace_2                                (abs)        00000
__Lspace_3                                (abs)        00000
__Lspace_4                                (abs)        00000
__Lstack                                  stack        00000
__Lstrings                                strings      00000
__Lstringtext1                            stringtext1  00000
__Ltext                                   text         00000
__S0                                      (abs)        0046A
__S1                                      (abs)        0007D
__S2                                      (abs)        00000
__S3                                      (abs)        00000
___int_sp                                 stack        00000
___latbits                                (abs)        00001
___sp                                     stack        00000
___stackhi                                (abs)        021EF
___stacklo                                (abs)        02033
__end_of_I2C1_CallbackReturnReset         text49       00468
__end_of_I2C1_CallbackReturnStop          text50       0046A
__end_of_I2C1_Close                       text18       002FF
__end_of_I2C1_DO_ADDRESS_NACK             text26       0022F
__end_of_I2C1_DO_IDLE                     text40       00434
__end_of_I2C1_DO_RCEN                     text35       003F0
__end_of_I2C1_DO_RESET                    text27       0040C
__end_of_I2C1_DO_RX                       text36       00124
__end_of_I2C1_DO_RX_ACK                   text30       0041B
__end_of_I2C1_DO_RX_NACK_RESTART          text28       00411
__end_of_I2C1_DO_RX_NACK_STOP             text29       00416
__end_of_I2C1_DO_SEND_ADR_READ            text39       003D9
__end_of_I2C1_DO_SEND_ADR_WRITE           text38       003E9
__end_of_I2C1_DO_SEND_RESTART             text32       00425
__end_of_I2C1_DO_SEND_RESTART_READ        text34       0042F
__end_of_I2C1_DO_SEND_RESTART_WRITE       text33       0042A
__end_of_I2C1_DO_SEND_STOP                text31       00420
__end_of_I2C1_DO_TX                       text37       000DE
__end_of_I2C1_DO_TX_EMPTY                 text41       00203
__end_of_I2C1_Initialize                  text5        003D0
__end_of_I2C1_MasterClearIrq              text21       00454
__end_of_I2C1_MasterClose                 text20       00451
__end_of_I2C1_MasterDisableIrq            text19       0044E
__end_of_I2C1_MasterEnableIrq             text14       00448
__end_of_I2C1_MasterEnableRestart         text60       00466
__end_of_I2C1_MasterFsm                   text24       0025A
__end_of_I2C1_MasterGetRxData             text46       0045D
__end_of_I2C1_MasterIsNack                text43       00402
__end_of_I2C1_MasterIsr                   text23       0043D
__end_of_I2C1_MasterOpen                  text13       003B1
__end_of_I2C1_MasterOperation             text16       002E3
__end_of_I2C1_MasterSendAck               text45       00441
__end_of_I2C1_MasterSendNack              text47       00445
__end_of_I2C1_MasterSendTxData            text44       00439
__end_of_I2C1_MasterSetIrq                text42       0045A
__end_of_I2C1_MasterStart                 text17       0044B
__end_of_I2C1_MasterStartRx               text48       00460
__end_of_I2C1_MasterStop                  text59       00463
__end_of_I2C1_MasterWrite                 text15       00407
__end_of_I2C1_Open                        text11       00169
__end_of_I2C1_Read1ByteRegister           text6        001A1
__end_of_I2C1_SetAddressNackCallback      text9        00397
__end_of_I2C1_SetBuffer                   text8        0036B
__end_of_I2C1_SetCallback                 text10       00281
__end_of_I2C1_SetDataCompleteCallback     text7        00389
__end_of_I2C1_SetInterruptHandler         text12       003FC
__end_of_INTERRUPT_InterruptManager       intentry     00025
__end_of_OSCILLATOR_Initialize            text4        003C7
__end_of_PIN_MANAGER_Initialize           text3        001D4
__end_of_PMD_Initialize                   text2        003E1
__end_of_SYSTEM_Initialize                text1        003A4
__end_of__initialization                  cinit        0002F
__end_of_i2c1_fsmStateTable               stringtext1  002C7
__end_of_main                             maintext     00089
__end_of_rd1RegCompleteHandler            text54       0034A
__end_of_rd2RegCompleteHandler            text53       00339
__end_of_rdBlkRegCompleteHandler          text51       00317
__end_of_wr1RegCompleteHandler            text52       00328
__end_of_wr2RegCompleteHandler            text55       0035B
__end_ofi1_I2C1_MasterClearIrq            text25       00457
__end_ofi1_I2C1_SetBuffer                 text58       0037B
__end_ofi1_I2C1_SetCallback               text57       002A7
__end_ofi1_I2C1_SetDataCompleteCallback   text56       003BE
__initialization                          cinit        00027
__pbssBANK0                               bssBANK0     00020
__pcstackBANK0                            cstackBANK0  0003F
__pcstackCOMMON                           cstackCOMMON 00070
__pintentry                               intentry     00004
__pmaintext                               maintext     00033
__pstringtext1                            stringtext1  002A7
__ptext1                                  text1        00397
__ptext10                                 text10       0025A
__ptext11                                 text11       00124
__ptext12                                 text12       003F6
__ptext13                                 text13       003A4
__ptext14                                 text14       00445
__ptext15                                 text15       00402
__ptext16                                 text16       002C7
__ptext17                                 text17       00448
__ptext18                                 text18       002E3
__ptext19                                 text19       0044B
__ptext2                                  text2        003D9
__ptext20                                 text20       0044E
__ptext21                                 text21       00451
__ptext23                                 text23       00439
__ptext24                                 text24       0022F
__ptext25                                 text25       00454
__ptext26                                 text26       00203
__ptext27                                 text27       00407
__ptext28                                 text28       0040C
__ptext29                                 text29       00411
__ptext3                                  text3        001A1
__ptext30                                 text30       00416
__ptext31                                 text31       0041B
__ptext32                                 text32       00420
__ptext33                                 text33       00425
__ptext34                                 text34       0042A
__ptext35                                 text35       003E9
__ptext36                                 text36       000DE
__ptext37                                 text37       00089
__ptext38                                 text38       003E1
__ptext39                                 text39       003D0
__ptext4                                  text4        003BE
__ptext40                                 text40       0042F
__ptext41                                 text41       001D4
__ptext42                                 text42       00457
__ptext43                                 text43       003FC
__ptext44                                 text44       00434
__ptext45                                 text45       0043D
__ptext46                                 text46       0045A
__ptext47                                 text47       00441
__ptext48                                 text48       0045D
__ptext49                                 text49       00466
__ptext5                                  text5        003C7
__ptext50                                 text50       00468
__ptext51                                 text51       002FF
__ptext52                                 text52       00317
__ptext53                                 text53       00328
__ptext54                                 text54       00339
__ptext55                                 text55       0034A
__ptext56                                 text56       003B1
__ptext57                                 text57       00281
__ptext58                                 text58       0036B
__ptext59                                 text59       00460
__ptext6                                  text6        00169
__ptext60                                 text60       00463
__ptext7                                  text7        0037B
__ptext8                                  text8        0035B
__ptext9                                  text9        00389
__size_of_I2C1_CallbackReturnReset        (abs)        00000
__size_of_I2C1_CallbackReturnStop         (abs)        00000
__size_of_I2C1_Close                      (abs)        00000
__size_of_I2C1_DO_ADDRESS_NACK            (abs)        00000
__size_of_I2C1_DO_IDLE                    (abs)        00000
__size_of_I2C1_DO_RCEN                    (abs)        00000
__size_of_I2C1_DO_RESET                   (abs)        00000
__size_of_I2C1_DO_RX                      (abs)        00000
__size_of_I2C1_DO_RX_ACK                  (abs)        00000
__size_of_I2C1_DO_RX_NACK_RESTART         (abs)        00000
__size_of_I2C1_DO_RX_NACK_STOP            (abs)        00000
__size_of_I2C1_DO_SEND_ADR_READ           (abs)        00000
__size_of_I2C1_DO_SEND_ADR_WRITE          (abs)        00000
__size_of_I2C1_DO_SEND_RESTART            (abs)        00000
__size_of_I2C1_DO_SEND_RESTART_READ       (abs)        00000
__size_of_I2C1_DO_SEND_RESTART_WRITE      (abs)        00000
__size_of_I2C1_DO_SEND_STOP               (abs)        00000
__size_of_I2C1_DO_TX                      (abs)        00000
__size_of_I2C1_DO_TX_EMPTY                (abs)        00000
__size_of_I2C1_Initialize                 (abs)        00000
__size_of_I2C1_MasterClearIrq             (abs)        00000
__size_of_I2C1_MasterClose                (abs)        00000
__size_of_I2C1_MasterDisableIrq           (abs)        00000
__size_of_I2C1_MasterEnableIrq            (abs)        00000
__size_of_I2C1_MasterEnableRestart        (abs)        00000
__size_of_I2C1_MasterFsm                  (abs)        00000
__size_of_I2C1_MasterGetRxData            (abs)        00000
__size_of_I2C1_MasterIsNack               (abs)        00000
__size_of_I2C1_MasterIsr                  (abs)        00000
__size_of_I2C1_MasterOpen                 (abs)        00000
__size_of_I2C1_MasterOperation            (abs)        00000
__size_of_I2C1_MasterSendAck              (abs)        00000
__size_of_I2C1_MasterSendNack             (abs)        00000
__size_of_I2C1_MasterSendTxData           (abs)        00000
__size_of_I2C1_MasterSetIrq               (abs)        00000
__size_of_I2C1_MasterStart                (abs)        00000
__size_of_I2C1_MasterStartRx              (abs)        00000
__size_of_I2C1_MasterStop                 (abs)        00000
__size_of_I2C1_MasterWrite                (abs)        00000
__size_of_I2C1_Open                       (abs)        00000
__size_of_I2C1_Read1ByteRegister          (abs)        00000
__size_of_I2C1_SetAddressNackCallback     (abs)        00000
__size_of_I2C1_SetBuffer                  (abs)        00000
__size_of_I2C1_SetCallback                (abs)        00000
__size_of_I2C1_SetDataCompleteCallback    (abs)        00000
__size_of_I2C1_SetInterruptHandler        (abs)        00000
__size_of_INTERRUPT_InterruptManager      (abs)        00000
__size_of_OSCILLATOR_Initialize           (abs)        00000
__size_of_PIN_MANAGER_Initialize          (abs)        00000
__size_of_PMD_Initialize                  (abs)        00000
__size_of_SYSTEM_Initialize               (abs)        00000
__size_of_main                            (abs)        00000
__size_of_rd1RegCompleteHandler           (abs)        00000
__size_of_rd2RegCompleteHandler           (abs)        00000
__size_of_rdBlkRegCompleteHandler         (abs)        00000
__size_of_wr1RegCompleteHandler           (abs)        00000
__size_of_wr2RegCompleteHandler           (abs)        00000
__size_ofi1_I2C1_MasterClearIrq           (abs)        00000
__size_ofi1_I2C1_SetBuffer                (abs)        00000
__size_ofi1_I2C1_SetCallback              (abs)        00000
__size_ofi1_I2C1_SetDataCompleteCallback  (abs)        00000
_i2c1_fsmStateTable                       stringtext1  002A7
_main                                     maintext     00033
_rd1RegCompleteHandler                    text54       00339
_rd2RegCompleteHandler                    text53       00328
_rdBlkRegCompleteHandler                  text51       002FF
_wr1RegCompleteHandler                    text52       00317
_wr2RegCompleteHandler                    text55       0034A
btemp                                     (abs)        0007E
clear_ram0                                clrtext      003F0
end_of_initialization                     cinit        0002F
i1I2C1_SetBuffer@buffer                   cstackCOMMON 00073
i1I2C1_SetBuffer@bufferSize               cstackCOMMON 00070
i1I2C1_SetCallback@cb                     cstackCOMMON 00070
i1I2C1_SetCallback@idx                    cstackCOMMON 00074
i1I2C1_SetCallback@ptr                    cstackCOMMON 00072
i1I2C1_SetDataCompleteCallback@cb         cstackCOMMON 00075
i1I2C1_SetDataCompleteCallback@ptr        cstackCOMMON 00077
i1_I2C1_MasterClearIrq                    text25       00454
i1_I2C1_SetBuffer                         text58       0036B
i1_I2C1_SetCallback                       text57       00281
i1_I2C1_SetDataCompleteCallback           text56       003B1
int$flags                                 (abs)        0007E
intlevel0                                 functab      00000
intlevel1                                 functab      00000
intlevel2                                 functab      00000
intlevel3                                 functab      00000
intlevel4                                 functab      00000
intlevel5                                 functab      00000
main@data_read                            cstackBANK0  00052
rd1RegCompleteHandler@ptr                 cstackCOMMON 00079
rd2RegCompleteHandler@ptr                 cstackCOMMON 00079
rdBlkRegCompleteHandler@ptr               cstackCOMMON 00079
reset_vec                                 reset_vec    00000
start                                     init         00025
start_initialization                      cinit        00027
wr1RegCompleteHandler@ptr                 cstackCOMMON 00079
wr2RegCompleteHandler@ptr                 cstackCOMMON 00079
wtemp0                                    (abs)        0007E


FUNCTION INFORMATION:

 *************** function _main *****************
 Defined at:
		line 8 in file "main.c"
 Parameters:    Size  Location     Type
		None
 Auto vars:     Size  Location     Type
  data_read       1   19[BANK0 ] unsigned char 
  data            1    0        unsigned char 
 Return value:  Size  Location     Type
                  1    wreg      void 
 Registers used:
		wreg, fsr1l, fsr1h, status,2, status,0, pclath, cstack
 Tracked objects:
		On entry : 
		On exit  : 
		Unchanged: 
 Data sizes:     COMMON   BANK0   BANK1   BANK2   BANK3   BANK4   BANK5   BANK6
      Params:         0       0       0       0       0       0       0       0
      Locals:         0       2       0       0       0       0       0       0
      Temps:          0       2       0       0       0       0       0       0
      Totals:         0       4       0       0       0       0       0       0
Total ram usage:        4 bytes
 Hardware stack levels required when called:   11
 This function calls:
		_I2C1_Read1ByteRegister
		_SYSTEM_Initialize
 This function is called by:
		Startup code after reset
 This function uses a non-reentrant model


 *************** function _SYSTEM_Initialize *****************
 Defined at:
		line 4 in file "mcc_generated_files/mcc.c"
 Parameters:    Size  Location     Type
		None
 Auto vars:     Size  Location     Type
		None
 Return value:  Size  Location     Type
                  1    wreg      void 
 Registers used:
		wreg, status,2, status,0, pclath, cstack
 Tracked objects:
		On entry : 
		On exit  : 
		Unchanged: 
 Data sizes:     COMMON   BANK0   BANK1   BANK2   BANK3   BANK4   BANK5   BANK6
      Params:         0       0       0       0       0       0       0       0
      Locals:         0       0       0       0       0       0       0       0
      Temps:          0       0       0       0       0       0       0       0
      Totals:         0       0       0       0       0       0       0       0
Total ram usage:        0 bytes
 Hardware stack levels used:    1
 Hardware stack levels required when called:    8
 This function calls:
		_I2C1_Initialize
		_OSCILLATOR_Initialize
		_PIN_MANAGER_Initialize
		_PMD_Initialize
 This function is called by:
		_main
 This function uses a non-reentrant model


 *************** function _PMD_Initialize *****************
 Defined at:
		line 26 in file "mcc_generated_files/mcc.c"
 Parameters:    Size  Location     Type
		None
 Auto vars:     Size  Location     Type
		None
 Return value:  Size  Location     Type
                  1    wreg      void 
 Registers used:
		status,2
 Tracked objects:
		On entry : 
		On exit  : 
		Unchanged: 
 Data sizes:     COMMON   BANK0   BANK1   BANK2   BANK3   BANK4   BANK5   BANK6
      Params:         0       0       0       0       0       0       0       0
      Locals:         0       0       0       0       0       0       0       0
      Temps:          0       0       0       0       0       0       0       0
      Totals:         0       0       0       0       0       0       0       0
Total ram usage:        0 bytes
 Hardware stack levels used:    1
 Hardware stack levels required when called:    7
 This function calls:
		Nothing
 This function is called by:
		_SYSTEM_Initialize
 This function uses a non-reentrant model


 *************** function _PIN_MANAGER_Initialize *****************
 Defined at:
		line 7 in file "mcc_generated_files/pin_manager.c"
 Parameters:    Size  Location     Type
		None
 Auto vars:     Size  Location     Type
		None
 Return value:  Size  Location     Type
                  1    wreg      void 
 Registers used:
		wreg, status,2
 Tracked objects:
		On entry : 
		On exit  : 
		Unchanged: 
 Data sizes:     COMMON   BANK0   BANK1   BANK2   BANK3   BANK4   BANK5   BANK6
      Params:         0       0       0       0       0       0       0       0
      Locals:         0       0       0       0       0       0       0       0
      Temps:          0       0       0       0       0       0       0       0
      Totals:         0       0       0       0       0       0       0       0
Total ram usage:        0 bytes
 Hardware stack levels used:    1
 Hardware stack levels required when called:    7
 This function calls:
		Nothing
 This function is called by:
		_SYSTEM_Initialize
 This function uses a non-reentrant model


 *************** function _OSCILLATOR_Initialize *****************
 Defined at:
		line 12 in file "mcc_generated_files/mcc.c"
 Parameters:    Size  Location     Type
		None
 Auto vars:     Size  Location     Type
		None
 Return value:  Size  Location     Type
                  1    wreg      void 
 Registers used:
		wreg, status,2
 Tracked objects:
		On entry : 
		On exit  : 
		Unchanged: 
 Data sizes:     COMMON   BANK0   BANK1   BANK2   BANK3   BANK4   BANK5   BANK6
      Params:         0       0       0       0       0       0       0       0
      Locals:         0       0       0       0       0       0       0       0
      Temps:          0       0       0       0       0       0       0       0
      Totals:         0       0       0       0       0       0       0       0
Total ram usage:        0 bytes
 Hardware stack levels used:    1
 Hardware stack levels required when called:    7
 This function calls:
		Nothing
 This function is called by:
		_SYSTEM_Initialize
 This function uses a non-reentrant model


 *************** function _I2C1_Initialize *****************
 Defined at:
		line 121 in file "mcc_generated_files/i2c1_master.c"
 Parameters:    Size  Location     Type
		None
 Auto vars:     Size  Location     Type
		None
 Return value:  Size  Location     Type
                  1    wreg      void 
 Registers used:
		wreg, status,2
 Tracked objects:
		On entry : 
		On exit  : 
		Unchanged: 
 Data sizes:     COMMON   BANK0   BANK1   BANK2   BANK3   BANK4   BANK5   BANK6
      Params:         0       0       0       0       0       0       0       0
      Locals:         0       0       0       0       0       0       0       0
      Temps:          0       0       0       0       0       0       0       0
      Totals:         0       0       0       0       0       0       0       0
Total ram usage:        0 bytes
 Hardware stack levels used:    1
 Hardware stack levels required when called:    7
 This function calls:
		Nothing
 This function is called by:
		_SYSTEM_Initialize
 This function uses a non-reentrant model


 *************** function _I2C1_Read1ByteRegister *****************
 Defined at:
		line 17 in file "mcc_generated_files/examples/i2c1_master_example.c"
 Parameters:    Size  Location     Type
  address         1    wreg     unsigned char 
  reg             1   12[BANK0 ] unsigned char 
 Auto vars:     Size  Location     Type
  address         1   14[BANK0 ] unsigned char 
  returnValue     1   15[BANK0 ] unsigned char 
 Return value:  Size  Location     Type
                  1    wreg      unsigned char 
 Registers used:
		wreg, fsr1l, fsr1h, status,2, status,0, pclath, cstack
 Tracked objects:
		On entry : 
		On exit  : 
		Unchanged: 
 Data sizes:     COMMON   BANK0   BANK1   BANK2   BANK3   BANK4   BANK5   BANK6
      Params:         0       1       0       0       0       0       0       0
      Locals:         0       2       0       0       0       0       0       0
      Temps:          0       1       0       0       0       0       0       0
      Totals:         0       4       0       0       0       0       0       0
Total ram usage:        4 bytes
 Hardware stack levels used:    1
 Hardware stack levels required when called:   10
 This function calls:
		_I2C1_Close
		_I2C1_MasterWrite
		_I2C1_Open
		_I2C1_SetAddressNackCallback
		_I2C1_SetBuffer
		_I2C1_SetDataCompleteCallback
 This function is called by:
		_main
 This function uses a non-reentrant model


 *************** function _I2C1_SetDataCompleteCallback *****************
 Defined at:
		line 228 in file "mcc_generated_files/i2c1_master.c"
 Parameters:    Size  Location     Type
  cb              2    8[BANK0 ] PTR FTN(PTR void ,)enum 
		 -> Absolute function(1), rdBlkRegCompleteHandler(1), wr2RegCompleteHandler(1), wr1RegCompleteHandler(1), 
		 -> rd2RegCompleteHandler(1), rd1RegCompleteHandler(1), 
  ptr             1   10[BANK0 ] PTR void 
		 -> I2C1_ReadDataBlock@bufferBlock(3), I2C1_Write2ByteRegister@data(2), I2C1_Write1ByteRegister@data(1), I2C1_Read2ByteRegister@returnValue(2), 
		 -> NULL(0), I2C1_Read1ByteRegister@returnValue(1), 
 Auto vars:     Size  Location     Type
		None
 Return value:  Size  Location     Type
                  1    wreg      void 
 Registers used:
		wreg, fsr1l, fsr1h, status,2, status,0, pclath, cstack
 Tracked objects:
		On entry : 
		On exit  : 
		Unchanged: 
 Data sizes:     COMMON   BANK0   BANK1   BANK2   BANK3   BANK4   BANK5   BANK6
      Params:         0       3       0       0       0       0       0       0
      Locals:         0       0       0       0       0       0       0       0
      Temps:          0       1       0       0       0       0       0       0
      Totals:         0       4       0       0       0       0       0       0
Total ram usage:        4 bytes
 Hardware stack levels used:    1
 Hardware stack levels required when called:    8
 This function calls:
		_I2C1_SetCallback
 This function is called by:
		_I2C1_Read1ByteRegister
		_I2C1_Read2ByteRegister
		_I2C1_Write1ByteRegister
		_I2C1_Write2ByteRegister
		_I2C1_ReadDataBlock
 This function uses a non-reentrant model


 *************** function _I2C1_SetBuffer *****************
 Defined at:
		line 218 in file "mcc_generated_files/i2c1_master.c"
 Parameters:    Size  Location     Type
  buffer          1    wreg     PTR void 
		 -> I2C1_ReadDataBlock@reg(1), I2C1_ReadDataBlock@bufferBlock(3), I2C1_Write2ByteRegister@reg(1), I2C1_Write2ByteRegister@data(2), 
		 -> I2C1_Write1ByteRegister@reg(1), I2C1_Write1ByteRegister@data(1), I2C1_Read2ByteRegister@reg(1), I2C1_Read2ByteRegister@returnValue(2), 
		 -> NULL(0), I2C1_Read1ByteRegister@reg(1), I2C1_Read1ByteRegister@returnValue(1), 
  bufferSize      2    3[BANK0 ] unsigned int 
 Auto vars:     Size  Location     Type
  buffer          1    6[BANK0 ] PTR void 
		 -> I2C1_ReadDataBlock@reg(1), I2C1_ReadDataBlock@bufferBlock(3), I2C1_Write2ByteRegister@reg(1), I2C1_Write2ByteRegister@data(2), 
		 -> I2C1_Write1ByteRegister@reg(1), I2C1_Write1ByteRegister@data(1), I2C1_Read2ByteRegister@reg(1), I2C1_Read2ByteRegister@returnValue(2), 
		 -> NULL(0), I2C1_Read1ByteRegister@reg(1), I2C1_Read1ByteRegister@returnValue(1), 
 Return value:  Size  Location     Type
                  1    wreg      void 
 Registers used:
		wreg
 Tracked objects:
		On entry : 
		On exit  : 
		Unchanged: 
 Data sizes:     COMMON   BANK0   BANK1   BANK2   BANK3   BANK4   BANK5   BANK6
      Params:         0       2       0       0       0       0       0       0
      Locals:         0       1       0       0       0       0       0       0
      Temps:          0       1       0       0       0       0       0       0
      Totals:         0       4       0       0       0       0       0       0
Total ram usage:        4 bytes
 Hardware stack levels used:    1
 Hardware stack levels required when called:    7
 This function calls:
		Nothing
 This function is called by:
		_I2C1_Read1ByteRegister
		_I2C1_Read2ByteRegister
		_I2C1_Write1ByteRegister
		_I2C1_Write2ByteRegister
		_I2C1_WriteNBytes
		_I2C1_ReadNBytes
		_I2C1_ReadDataBlock
 This function uses a non-reentrant model


 *************** function _I2C1_SetAddressNackCallback *****************
 Defined at:
		line 238 in file "mcc_generated_files/i2c1_master.c"
 Parameters:    Size  Location     Type
  cb              2    8[BANK0 ] PTR FTN(PTR void ,)enum 
		 -> Absolute function(1), 
  ptr             1   10[BANK0 ] PTR void 
		 -> NULL(0), 
 Auto vars:     Size  Location     Type
		None
 Return value:  Size  Location     Type
                  1    wreg      void 
 Registers used:
		wreg, fsr1l, fsr1h, status,2, status,0, pclath, cstack
 Tracked objects:
		On entry : 
		On exit  : 
		Unchanged: 
 Data sizes:     COMMON   BANK0   BANK1   BANK2   BANK3   BANK4   BANK5   BANK6
      Params:         0       3       0       0       0       0       0       0
      Locals:         0       0       0       0       0       0       0       0
      Temps:          0       1       0       0       0       0       0       0
      Totals:         0       4       0       0       0       0       0       0
Total ram usage:        4 bytes
 Hardware stack levels used:    1
 Hardware stack levels required when called:    8
 This function calls:
		_I2C1_SetCallback
 This function is called by:
		_I2C1_Read1ByteRegister
		_I2C1_Read2ByteRegister
		_I2C1_Write1ByteRegister
		_I2C1_Write2ByteRegister
		_I2C1_WriteNBytes
		_I2C1_ReadDataBlock
 This function uses a non-reentrant model


 *************** function _I2C1_SetCallback *****************
 Defined at:
		line 258 in file "mcc_generated_files/i2c1_master.c"
 Parameters:    Size  Location     Type
  idx             1    wreg     enum E12066
  cb              2    3[BANK0 ] PTR FTN(PTR void ,)enum 
		 -> Absolute function(1), rdBlkRegCompleteHandler(1), wr2RegCompleteHandler(1), wr1RegCompleteHandler(1), 
		 -> rd2RegCompleteHandler(1), rd1RegCompleteHandler(1), 
  ptr             1    5[BANK0 ] PTR void 
		 -> I2C1_ReadDataBlock@bufferBlock(3), I2C1_Write2ByteRegister@data(2), I2C1_Write1ByteRegister@data(1), I2C1_Read2ByteRegister@returnValue(2), 
		 -> NULL(0), I2C1_Read1ByteRegister@returnValue(1), 
 Auto vars:     Size  Location     Type
  idx             1    7[BANK0 ] enum E12066
 Return value:  Size  Location     Type
                  1    wreg      void 
 Registers used:
		wreg, fsr1l, fsr1h, status,2, status,0
 Tracked objects:
		On entry : 
		On exit  : 
		Unchanged: 
 Data sizes:     COMMON   BANK0   BANK1   BANK2   BANK3   BANK4   BANK5   BANK6
      Params:         0       3       0       0       0       0       0       0
      Locals:         0       1       0       0       0       0       0       0
      Temps:          0       1       0       0       0       0       0       0
      Totals:         0       5       0       0       0       0       0       0
Total ram usage:        5 bytes
 Hardware stack levels used:    1
 Hardware stack levels required when called:    7
 This function calls:
		Nothing
 This function is called by:
		_I2C1_SetDataCompleteCallback
		_I2C1_SetAddressNackCallback
		_I2C1_SetWriteCollisionCallback
		_I2C1_SetDataNackCallback
		_I2C1_SetTimeoutCallback
 This function uses a non-reentrant model


 *************** function _I2C1_Open *****************
 Defined at:
		line 130 in file "mcc_generated_files/i2c1_master.c"
 Parameters:    Size  Location     Type
  address         1    wreg     unsigned char 
 Auto vars:     Size  Location     Type
  address         1    6[BANK0 ] unsigned char 
  returnValue     1    7[BANK0 ] enum E353
 Return value:  Size  Location     Type
                  1    wreg      enum E353
 Registers used:
		wreg, status,2, status,0, pclath, cstack
 Tracked objects:
		On entry : 
		On exit  : 
		Unchanged: 
 Data sizes:     COMMON   BANK0   BANK1   BANK2   BANK3   BANK4   BANK5   BANK6
      Params:         0       0       0       0       0       0       0       0
      Locals:         0       2       0       0       0       0       0       0
      Temps:          0       1       0       0       0       0       0       0
      Totals:         0       3       0       0       0       0       0       0
Total ram usage:        3 bytes
 Hardware stack levels used:    1
 Hardware stack levels required when called:    8
 This function calls:
		_I2C1_MasterClearIrq
		_I2C1_MasterEnableIrq
		_I2C1_MasterOpen
		_I2C1_SetInterruptHandler
 This function is called by:
		_I2C1_Read1ByteRegister
		_I2C1_Read2ByteRegister
		_I2C1_Write1ByteRegister
		_I2C1_Write2ByteRegister
		_I2C1_WriteNBytes
		_I2C1_ReadNBytes
		_I2C1_ReadDataBlock
 This function uses a non-reentrant model


 *************** function _I2C1_SetInterruptHandler *****************
 Defined at:
		line 253 in file "mcc_generated_files/i2c1_master.c"
 Parameters:    Size  Location     Type
  InterruptHan    2    3[BANK0 ] PTR FTN()void 
		 -> I2C1_MasterIsr(1), 
 Auto vars:     Size  Location     Type
		None
 Return value:  Size  Location     Type
                  1    wreg      void 
 Registers used:
		wreg
 Tracked objects:
		On entry : 
		On exit  : 
		Unchanged: 
 Data sizes:     COMMON   BANK0   BANK1   BANK2   BANK3   BANK4   BANK5   BANK6
      Params:         0       2       0       0       0       0       0       0
      Locals:         0       0       0       0       0       0       0       0
      Temps:          0       0       0       0       0       0       0       0
      Totals:         0       2       0       0       0       0       0       0
Total ram usage:        2 bytes
 Hardware stack levels used:    1
 Hardware stack levels required when called:    7
 This function calls:
		Nothing
 This function is called by:
		_I2C1_Open
 This function uses a non-reentrant model


 *************** function _I2C1_MasterOpen *****************
 Defined at:
		line 498 in file "mcc_generated_files/i2c1_master.c"
 Parameters:    Size  Location     Type
		None
 Auto vars:     Size  Location     Type
		None
 Return value:  Size  Location     Type
                  1    wreg      _Bool 
 Registers used:
		wreg, status,2
 Tracked objects:
		On entry : 
		On exit  : 
		Unchanged: 
 Data sizes:     COMMON   BANK0   BANK1   BANK2   BANK3   BANK4   BANK5   BANK6
      Params:         0       0       0       0       0       0       0       0
      Locals:         0       0       0       0       0       0       0       0
      Temps:          0       0       0       0       0       0       0       0
      Totals:         0       0       0       0       0       0       0       0
Total ram usage:        0 bytes
 Hardware stack levels used:    1
 Hardware stack levels required when called:    7
 This function calls:
		Nothing
 This function is called by:
		_I2C1_Open
 This function uses a non-reentrant model


 *************** function _I2C1_MasterEnableIrq *****************
 Defined at:
		line 581 in file "mcc_generated_files/i2c1_master.c"
 Parameters:    Size  Location     Type
		None
 Auto vars:     Size  Location     Type
		None
 Return value:  Size  Location     Type
                  1    wreg      void 
 Registers used:
		None
 Tracked objects:
		On entry : 
		On exit  : 
		Unchanged: 
 Data sizes:     COMMON   BANK0   BANK1   BANK2   BANK3   BANK4   BANK5   BANK6
      Params:         0       0       0       0       0       0       0       0
      Locals:         0       0       0       0       0       0       0       0
      Temps:          0       0       0       0       0       0       0       0
      Totals:         0       0       0       0       0       0       0       0
Total ram usage:        0 bytes
 Hardware stack levels used:    1
 Hardware stack levels required when called:    7
 This function calls:
		Nothing
 This function is called by:
		_I2C1_Open
		_I2C1_SetTimeOut
 This function uses a non-reentrant model


 *************** function _I2C1_MasterWrite *****************
 Defined at:
		line 206 in file "mcc_generated_files/i2c1_master.c"
 Parameters:    Size  Location     Type
		None
 Auto vars:     Size  Location     Type
		None
 Return value:  Size  Location     Type
                  1    wreg      enum E353
 Registers used:
		wreg, status,2, status,0, pclath, cstack
 Tracked objects:
		On entry : 
		On exit  : 
		Unchanged: 
 Data sizes:     COMMON   BANK0   BANK1   BANK2   BANK3   BANK4   BANK5   BANK6
      Params:         0       0       0       0       0       0       0       0
      Locals:         0       0       0       0       0       0       0       0
      Temps:          0       0       0       0       0       0       0       0
      Totals:         0       0       0       0       0       0       0       0
Total ram usage:        0 bytes
 Hardware stack levels used:    1
 Hardware stack levels required when called:    9
 This function calls:
		_I2C1_MasterOperation
 This function is called by:
		_I2C1_Read1ByteRegister
		_I2C1_Read2ByteRegister
		_I2C1_Write1ByteRegister
		_I2C1_Write2ByteRegister
		_I2C1_WriteNBytes
		_I2C1_ReadDataBlock
 This function uses a non-reentrant model


 *************** function _I2C1_MasterOperation *****************
 Defined at:
		line 180 in file "mcc_generated_files/i2c1_master.c"
 Parameters:    Size  Location     Type
  read            1    wreg     _Bool 
 Auto vars:     Size  Location     Type
  read            1    4[BANK0 ] _Bool 
  returnValue     1    5[BANK0 ] enum E353
 Return value:  Size  Location     Type
                  1    wreg      enum E353
 Registers used:
		wreg, status,2, status,0, pclath, cstack
 Tracked objects:
		On entry : 
		On exit  : 
		Unchanged: 
 Data sizes:     COMMON   BANK0   BANK1   BANK2   BANK3   BANK4   BANK5   BANK6
      Params:         0       0       0       0       0       0       0       0
      Locals:         0       2       0       0       0       0       0       0
      Temps:          0       1       0       0       0       0       0       0
      Totals:         0       3       0       0       0       0       0       0
Total ram usage:        3 bytes
 Hardware stack levels used:    1
 Hardware stack levels required when called:    8
 This function calls:
		_I2C1_MasterStart
 This function is called by:
		_I2C1_MasterWrite
		_I2C1_MasterRead
 This function uses a non-reentrant model


 *************** function _I2C1_MasterStart *****************
 Defined at:
		line 543 in file "mcc_generated_files/i2c1_master.c"
 Parameters:    Size  Location     Type
		None
 Auto vars:     Size  Location     Type
		None
 Return value:  Size  Location     Type
                  1    wreg      void 
 Registers used:
		None
 Tracked objects:
		On entry : 
		On exit  : 
		Unchanged: 
 Data sizes:     COMMON   BANK0   BANK1   BANK2   BANK3   BANK4   BANK5   BANK6
      Params:         0       0       0       0       0       0       0       0
      Locals:         0       0       0       0       0       0       0       0
      Temps:          0       0       0       0       0       0       0       0
      Totals:         0       0       0       0       0       0       0       0
Total ram usage:        0 bytes
 Hardware stack levels used:    1
 Hardware stack levels required when called:    7
 This function calls:
		Nothing
 This function is called by:
		_I2C1_MasterOperation
 This function uses a non-reentrant model


 *************** function _I2C1_Close *****************
 Defined at:
		line 165 in file "mcc_generated_files/i2c1_master.c"
 Parameters:    Size  Location     Type
		None
 Auto vars:     Size  Location     Type
  returnValue     1    4[BANK0 ] enum E353
 Return value:  Size  Location     Type
                  1    wreg      enum E353
 Registers used:
		wreg, status,2, status,0, pclath, cstack
 Tracked objects:
		On entry : 
		On exit  : 
		Unchanged: 
 Data sizes:     COMMON   BANK0   BANK1   BANK2   BANK3   BANK4   BANK5   BANK6
      Params:         0       0       0       0       0       0       0       0
      Locals:         0       1       0       0       0       0       0       0
      Temps:          0       1       0       0       0       0       0       0
      Totals:         0       2       0       0       0       0       0       0
Total ram usage:        2 bytes
 Hardware stack levels used:    1
 Hardware stack levels required when called:    8
 This function calls:
		_I2C1_MasterClearIrq
		_I2C1_MasterClose
		_I2C1_MasterDisableIrq
 This function is called by:
		_I2C1_Read1ByteRegister
		_I2C1_Read2ByteRegister
		_I2C1_Write1ByteRegister
		_I2C1_Write2ByteRegister
		_I2C1_WriteNBytes
		_I2C1_ReadNBytes
		_I2C1_ReadDataBlock
 This function uses a non-reentrant model


 *************** function _I2C1_MasterDisableIrq *****************
 Defined at:
		line 591 in file "mcc_generated_files/i2c1_master.c"
 Parameters:    Size  Location     Type
		None
 Auto vars:     Size  Location     Type
		None
 Return value:  Size  Location     Type
                  1    wreg      void 
 Registers used:
		None
 Tracked objects:
		On entry : 
		On exit  : 
		Unchanged: 
 Data sizes:     COMMON   BANK0   BANK1   BANK2   BANK3   BANK4   BANK5   BANK6
      Params:         0       0       0       0       0       0       0       0
      Locals:         0       0       0       0       0       0       0       0
      Temps:          0       0       0       0       0       0       0       0
      Totals:         0       0       0       0       0       0       0       0
Total ram usage:        0 bytes
[...]
		_I2C1_DO_ADDRESS_NACK
		_I2C1_DO_RX_EMPTY
 This function uses a non-reentrant model


 *************** function _I2C1_CallbackReturnStop *****************
 Defined at:
		line 475 in file "mcc_generated_files/i2c1_master.c"
 Parameters:    Size  Location     Type
  funPtr          1    9[COMMON] PTR void 
		 -> I2C1_ReadDataBlock@bufferBlock(3), I2C1_Write2ByteRegister@data(2), I2C1_Write1ByteRegister@data(1), I2C1_Read2ByteRegister@returnValue(2), 
		 -> NULL(0), I2C1_Read1ByteRegister@returnValue(1), 
 Auto vars:     Size  Location     Type
		None
 Return value:  Size  Location     Type
                  1    wreg      enum E358
 Registers used:
		wreg
 Tracked objects:
		On entry : 
		On exit  : 
		Unchanged: 
 Data sizes:     COMMON   BANK0   BANK1   BANK2   BANK3   BANK4   BANK5   BANK6
      Params:         1       0       0       0       0       0       0       0
      Locals:         0       0       0       0       0       0       0       0
      Temps:          0       0       0       0       0       0       0       0
      Totals:         1       0       0       0       0       0       0       0
Total ram usage:        1 bytes
 Hardware stack levels used:    1
 This function calls:
		Nothing
 This function is called by:
		_I2C1_Open
		_I2C1_SetCallback
		i1_I2C1_SetCallback
		_I2C1_DO_TX
		_I2C1_DO_RX
		_I2C1_DO_TX_EMPTY
		_I2C1_DO_ADDRESS_NACK
		_I2C1_DO_RX_EMPTY
 This function uses a non-reentrant model


 *************** function _rdBlkRegCompleteHandler *****************
 Defined at:
		line 124 in file "mcc_generated_files/examples/i2c1_master_example.c"
 Parameters:    Size  Location     Type
  ptr             1    9[COMMON] PTR void 
		 -> I2C1_ReadDataBlock@bufferBlock(3), I2C1_Write2ByteRegister@data(2), I2C1_Write1ByteRegister@data(1), I2C1_Read2ByteRegister@returnValue(2), 
		 -> NULL(0), I2C1_Read1ByteRegister@returnValue(1), 
 Auto vars:     Size  Location     Type
		None
 Return value:  Size  Location     Type
                  1    wreg      enum E358
 Registers used:
		wreg, fsr1l, fsr1h, status,2, status,0, pclath, cstack
 Tracked objects:
		On entry : 
		On exit  : 
		Unchanged: 
 Data sizes:     COMMON   BANK0   BANK1   BANK2   BANK3   BANK4   BANK5   BANK6
      Params:         1       0       0       0       0       0       0       0
      Locals:         0       0       0       0       0       0       0       0
      Temps:          0       0       0       0       0       0       0       0
      Totals:         1       0       0       0       0       0       0       0
Total ram usage:        1 bytes
 Hardware stack levels used:    1
 Hardware stack levels required when called:    2
 This function calls:
		i1_I2C1_SetBuffer
		i1_I2C1_SetDataCompleteCallback
 This function is called by:
		_I2C1_ReadDataBlock
		_I2C1_DO_TX
		_I2C1_DO_RX
		_I2C1_DO_TX_EMPTY
		_I2C1_DO_ADDRESS_NACK
		_I2C1_DO_RX_EMPTY
 This function uses a non-reentrant model


 *************** function _wr1RegCompleteHandler *****************
 Defined at:
		line 110 in file "mcc_generated_files/examples/i2c1_master_example.c"
 Parameters:    Size  Location     Type
  ptr             1    9[COMMON] PTR void 
		 -> I2C1_ReadDataBlock@bufferBlock(3), I2C1_Write2ByteRegister@data(2), I2C1_Write1ByteRegister@data(1), I2C1_Read2ByteRegister@returnValue(2), 
		 -> NULL(0), I2C1_Read1ByteRegister@returnValue(1), 
 Auto vars:     Size  Location     Type
		None
 Return value:  Size  Location     Type
                  1    wreg      enum E358
 Registers used:
		wreg, fsr1l, fsr1h, status,2, status,0, pclath, cstack
 Tracked objects:
		On entry : 
		On exit  : 
		Unchanged: 
 Data sizes:     COMMON   BANK0   BANK1   BANK2   BANK3   BANK4   BANK5   BANK6
      Params:         1       0       0       0       0       0       0       0
      Locals:         0       0       0       0       0       0       0       0
      Temps:          0       0       0       0       0       0       0       0
      Totals:         1       0       0       0       0       0       0       0
Total ram usage:        1 bytes
 Hardware stack levels used:    1
 Hardware stack levels required when called:    2
 This function calls:
		i1_I2C1_SetBuffer
		i1_I2C1_SetDataCompleteCallback
 This function is called by:
		_I2C1_Write1ByteRegister
		_I2C1_DO_TX
		_I2C1_DO_RX
		_I2C1_DO_TX_EMPTY
		_I2C1_DO_ADDRESS_NACK
		_I2C1_DO_RX_EMPTY
 This function uses a non-reentrant model


 *************** function _rd2RegCompleteHandler *****************
 Defined at:
		line 103 in file "mcc_generated_files/examples/i2c1_master_example.c"
 Parameters:    Size  Location     Type
  ptr             1    9[COMMON] PTR void 
		 -> I2C1_ReadDataBlock@bufferBlock(3), I2C1_Write2ByteRegister@data(2), I2C1_Write1ByteRegister@data(1), I2C1_Read2ByteRegister@returnValue(2), 
		 -> NULL(0), I2C1_Read1ByteRegister@returnValue(1), 
 Auto vars:     Size  Location     Type
		None
 Return value:  Size  Location     Type
                  1    wreg      enum E358
 Registers used:
		wreg, fsr1l, fsr1h, status,2, status,0, pclath, cstack
 Tracked objects:
		On entry : 
		On exit  : 
		Unchanged: 
 Data sizes:     COMMON   BANK0   BANK1   BANK2   BANK3   BANK4   BANK5   BANK6
      Params:         1       0       0       0       0       0       0       0
      Locals:         0       0       0       0       0       0       0       0
      Temps:          0       0       0       0       0       0       0       0
      Totals:         1       0       0       0       0       0       0       0
Total ram usage:        1 bytes
 Hardware stack levels used:    1
 Hardware stack levels required when called:    2
 This function calls:
		i1_I2C1_SetBuffer
		i1_I2C1_SetDataCompleteCallback
 This function is called by:
		_I2C1_Read2ByteRegister
		_I2C1_DO_TX
		_I2C1_DO_RX
		_I2C1_DO_TX_EMPTY
		_I2C1_DO_ADDRESS_NACK
		_I2C1_DO_RX_EMPTY
 This function uses a non-reentrant model


 *************** function _rd1RegCompleteHandler *****************
 Defined at:
		line 96 in file "mcc_generated_files/examples/i2c1_master_example.c"
 Parameters:    Size  Location     Type
  ptr             1    9[COMMON] PTR void 
		 -> I2C1_ReadDataBlock@bufferBlock(3), I2C1_Write2ByteRegister@data(2), I2C1_Write1ByteRegister@data(1), I2C1_Read2ByteRegister@returnValue(2), 
		 -> NULL(0), I2C1_Read1ByteRegister@returnValue(1), 
 Auto vars:     Size  Location     Type
		None
 Return value:  Size  Location     Type
                  1    wreg      enum E358
 Registers used:
		wreg, fsr1l, fsr1h, status,2, status,0, pclath, cstack
 Tracked objects:
		On entry : 
		On exit  : 
		Unchanged: 
 Data sizes:     COMMON   BANK0   BANK1   BANK2   BANK3   BANK4   BANK5   BANK6
      Params:         1       0       0       0       0       0       0       0
      Locals:         0       0       0       0       0       0       0       0
      Temps:          0       0       0       0       0       0       0       0
      Totals:         1       0       0       0       0       0       0       0
Total ram usage:        1 bytes
 Hardware stack levels used:    1
 Hardware stack levels required when called:    2
 This function calls:
		i1_I2C1_SetBuffer
		i1_I2C1_SetDataCompleteCallback
 This function is called by:
		_I2C1_Read1ByteRegister
		_I2C1_DO_TX
		_I2C1_DO_RX
		_I2C1_DO_TX_EMPTY
		_I2C1_DO_ADDRESS_NACK
		_I2C1_DO_RX_EMPTY
 This function uses a non-reentrant model


 *************** function _wr2RegCompleteHandler *****************
 Defined at:
		line 117 in file "mcc_generated_files/examples/i2c1_master_example.c"
 Parameters:    Size  Location     Type
  ptr             1    9[COMMON] PTR void 
		 -> I2C1_ReadDataBlock@bufferBlock(3), I2C1_Write2ByteRegister@data(2), I2C1_Write1ByteRegister@data(1), I2C1_Read2ByteRegister@returnValue(2), 
		 -> NULL(0), I2C1_Read1ByteRegister@returnValue(1), 
 Auto vars:     Size  Location     Type
		None
 Return value:  Size  Location     Type
                  1    wreg      enum E358
 Registers used:
		wreg, fsr1l, fsr1h, status,2, status,0, pclath, cstack
 Tracked objects:
		On entry : 
		On exit  : 
		Unchanged: 
 Data sizes:     COMMON   BANK0   BANK1   BANK2   BANK3   BANK4   BANK5   BANK6
      Params:         1       0       0       0       0       0       0       0
      Locals:         0       0       0       0       0       0       0       0
      Temps:          0       0       0       0       0       0       0       0
      Totals:         1       0       0       0       0       0       0       0
Total ram usage:        1 bytes
 Hardware stack levels used:    1
 Hardware stack levels required when called:    2
 This function calls:
		i1_I2C1_SetBuffer
		i1_I2C1_SetDataCompleteCallback
 This function is called by:
		_I2C1_Write2ByteRegister
		_I2C1_DO_TX
		_I2C1_DO_RX
		_I2C1_DO_TX_EMPTY
		_I2C1_DO_ADDRESS_NACK
		_I2C1_DO_RX_EMPTY
 This function uses a non-reentrant model


 *************** function i1_I2C1_SetDataCompleteCallback *****************
 Defined at:
		line 228 in file "mcc_generated_files/i2c1_master.c"
 Parameters:    Size  Location     Type
  cb              2    5[COMMON] PTR FTN(PTR void ,)enum 
		 -> Absolute function(1), rdBlkRegCompleteHandler(1), wr2RegCompleteHandler(1), wr1RegCompleteHandler(1), 
		 -> rd2RegCompleteHandler(1), rd1RegCompleteHandler(1), 
  ptr             1    7[COMMON] PTR void 
		 -> I2C1_ReadDataBlock@bufferBlock(3), I2C1_Write2ByteRegister@data(2), I2C1_Write1ByteRegister@data(1), I2C1_Read2ByteRegister@returnValue(2), 
		 -> NULL(0), I2C1_Read1ByteRegister@returnValue(1), 
 Auto vars:     Size  Location     Type
		None
 Return value:  Size  Location     Type
                  1    wreg      void 
 Registers used:
		wreg, fsr1l, fsr1h, status,2, status,0, pclath, cstack
 Tracked objects:
		On entry : 
		On exit  : 
		Unchanged: 
 Data sizes:     COMMON   BANK0   BANK1   BANK2   BANK3   BANK4   BANK5   BANK6
      Params:         3       0       0       0       0       0       0       0
      Locals:         0       0       0       0       0       0       0       0
      Temps:          1       0       0       0       0       0       0       0
      Totals:         4       0       0       0       0       0       0       0
Total ram usage:        4 bytes
 Hardware stack levels used:    1
 Hardware stack levels required when called:    1
 This function calls:
		i1_I2C1_SetCallback
 This function is called by:
		_rd1RegCompleteHandler
		_rd2RegCompleteHandler
		_wr1RegCompleteHandler
		_wr2RegCompleteHandler
		_rdBlkRegCompleteHandler
 This function uses a non-reentrant model


 *************** function i1_I2C1_SetCallback *****************
 Defined at:
		line 258 in file "mcc_generated_files/i2c1_master.c"
 Parameters:    Size  Location     Type
  idx             1    wreg     enum E12066
  cb              2    0[COMMON] PTR FTN(PTR void ,)enum 
		 -> Absolute function(1), rdBlkRegCompleteHandler(1), wr2RegCompleteHandler(1), wr1RegCompleteHandler(1), 
		 -> rd2RegCompleteHandler(1), rd1RegCompleteHandler(1), 
  ptr             1    2[COMMON] PTR void 
		 -> I2C1_ReadDataBlock@bufferBlock(3), I2C1_Write2ByteRegister@data(2), I2C1_Write1ByteRegister@data(1), I2C1_Read2ByteRegister@returnValue(2), 
		 -> NULL(0), I2C1_Read1ByteRegister@returnValue(1), 
 Auto vars:     Size  Location     Type
  idx             1    4[COMMON] enum E12066
 Return value:  Size  Location     Type
                  1    wreg      void 
 Registers used:
		wreg, fsr1l, fsr1h, status,2, status,0
 Tracked objects:
		On entry : 
		On exit  : 
		Unchanged: 
 Data sizes:     COMMON   BANK0   BANK1   BANK2   BANK3   BANK4   BANK5   BANK6
      Params:         3       0       0       0       0       0       0       0
      Locals:         1       0       0       0       0       0       0       0
      Temps:          1       0       0       0       0       0       0       0
      Totals:         5       0       0       0       0       0       0       0
Total ram usage:        5 bytes
 Hardware stack levels used:    1
 This function calls:
		Nothing
 This function is called by:
		i1_I2C1_SetDataCompleteCallback
 This function uses a non-reentrant model


 *************** function i1_I2C1_SetBuffer *****************
 Defined at:
		line 218 in file "mcc_generated_files/i2c1_master.c"
 Parameters:    Size  Location     Type
  buffer          1    wreg     PTR void 
		 -> I2C1_ReadDataBlock@reg(1), I2C1_ReadDataBlock@bufferBlock(3), I2C1_Write2ByteRegister@reg(1), I2C1_Write2ByteRegister@data(2), 
		 -> I2C1_Write1ByteRegister@reg(1), I2C1_Write1ByteRegister@data(1), I2C1_Read2ByteRegister@reg(1), I2C1_Read2ByteRegister@returnValue(2), 
		 -> NULL(0), I2C1_Read1ByteRegister@reg(1), I2C1_Read1ByteRegister@returnValue(1), 
  bufferSize      2    0[COMMON] unsigned int 
 Auto vars:     Size  Location     Type
  buffer          1    3[COMMON] PTR void 
		 -> I2C1_ReadDataBlock@reg(1), I2C1_ReadDataBlock@bufferBlock(3), I2C1_Write2ByteRegister@reg(1), I2C1_Write2ByteRegister@data(2), 
		 -> I2C1_Write1ByteRegister@reg(1), I2C1_Write1ByteRegister@data(1), I2C1_Read2ByteRegister@reg(1), I2C1_Read2ByteRegister@returnValue(2), 
		 -> NULL(0), I2C1_Read1ByteRegister@reg(1), I2C1_Read1ByteRegister@returnValue(1), 
 Return value:  Size  Location     Type
                  1    wreg      void 
 Registers used:
		wreg
 Tracked objects:
		On entry : 
		On exit  : 
		Unchanged: 
 Data sizes:     COMMON   BANK0   BANK1   BANK2   BANK3   BANK4   BANK5   BANK6
      Params:         2       0       0       0       0       0       0       0
      Locals:         1       0       0       0       0       0       0       0
      Temps:          1       0       0       0       0       0       0       0
      Totals:         4       0       0       0       0       0       0       0
Total ram usage:        4 bytes
 Hardware stack levels used:    1
 This function calls:
		Nothing
 This function is called by:
		_rd1RegCompleteHandler
		_rd2RegCompleteHandler
		_wr1RegCompleteHandler
		_wr2RegCompleteHandler
		_rdBlkRegCompleteHandler
 This function uses a non-reentrant model


 *************** function _I2C1_MasterStop *****************
 Defined at:
		line 548 in file "mcc_generated_files/i2c1_master.c"
 Parameters:    Size  Location     Type
		None
 Auto vars:     Size  Location     Type
		None
 Return value:  Size  Location     Type
                  1    wreg      void 
 Registers used:
		None
 Tracked objects:
		On entry : 
		On exit  : 
		Unchanged: 
 Data sizes:     COMMON   BANK0   BANK1   BANK2   BANK3   BANK4   BANK5   BANK6
      Params:         0       0       0       0       0       0       0       0
      Locals:         0       0       0       0       0       0       0       0
      Temps:          0       0       0       0       0       0       0       0
      Totals:         0       0       0       0       0       0       0       0
Total ram usage:        0 bytes
 Hardware stack levels used:    1
 This function calls:
		Nothing
 This function is called by:
		_I2C1_DO_SEND_STOP
 This function uses a non-reentrant model


 *************** function _I2C1_MasterEnableRestart *****************
 Defined at:
		line 528 in file "mcc_generated_files/i2c1_master.c"
 Parameters:    Size  Location     Type
		None
 Auto vars:     Size  Location     Type
		None
 Return value:  Size  Location     Type
                  1    wreg      void 
 Registers used:
		None
 Tracked objects:
		On entry : 
		On exit  : 
		Unchanged: 
 Data sizes:     COMMON   BANK0   BANK1   BANK2   BANK3   BANK4   BANK5   BANK6
      Params:         0       0       0       0       0       0       0       0
      Locals:         0       0       0       0       0       0       0       0
      Temps:          0       0       0       0       0       0       0       0
      Totals:         0       0       0       0       0       0       0       0
Total ram usage:        0 bytes
 Hardware stack levels used:    1
 This function calls:
		Nothing
 This function is called by:
		_I2C1_DO_SEND_RESTART_READ
		_I2C1_DO_SEND_RESTART_WRITE
		_I2C1_DO_SEND_RESTART
		_I2C1_DO_RX_EMPTY
 This function uses a non-reentrant model



MODULE INFORMATION

Module		Function		Class		Link	Load	Size
mcc_generated_files/examples/i2c1_master_example.c
		_wr1RegCompleteHandler		CODE           	0317	0000	18
		_wr2RegCompleteHandler		CODE           	034A	0000	18
		_rdBlkRegCompleteHandler		CODE           	02FF	0000	25
		_rd1RegCompleteHandler		CODE           	0339	0000	18
		_rd2RegCompleteHandler		CODE           	0328	0000	18
		_I2C1_Read1ByteRegister		CODE           	0169	0000	57

mcc_generated_files/examples/i2c1_master_example.c estimated size: 154

mcc_generated_files/i2c1_master.c
		_I2C1_DO_SEND_RESTART		CODE           	0420	0000	6
		_I2C1_DO_TX_EMPTY		CODE           	01D4	0000	48
		_I2C1_DO_SEND_RESTART_READ		CODE           	042A	0000	6
		_I2C1_CallbackReturnStop		CODE           	0468	0000	3
		_I2C1_DO_RX    		CODE           	00DE	0000	71
		_I2C1_DO_TX    		CODE           	0089	0000	86
		_I2C1_SetAddressNackCallback		CODE           	0389	0000	15
		_I2C1_DO_IDLE  		CODE           	042F	0000	6
		_I2C1_MasterOpen		CODE           	03A4	0000	14
		_I2C1_DO_RCEN  		CODE           	03E9	0000	8
		_I2C1_MasterSendTxData		CODE           	0434	0000	6
		_I2C1_MasterStop		CODE           	0460	0000	4
		_I2C1_CallbackReturnReset		CODE           	0466	0000	3
		_I2C1_DO_RESET 		CODE           	0407	0000	6
		_I2C1_MasterStartRx		CODE           	045D	0000	4
		_I2C1_DO_RX_ACK		CODE           	0416	0000	6
		_I2C1_MasterSendNack		CODE           	0441	0000	5
		_I2C1_DO_RX_NACK_RESTART		CODE           	040C	0000	6
		_I2C1_MasterDisableIrq		CODE           	044B	0000	4
		_I2C1_MasterOperation		CODE           	02C7	0000	29
		_I2C1_SetCallback		CODE           	025A	0000	40
		_I2C1_MasterEnableRestart		CODE           	0463	0000	4
		_I2C1_Open     		CODE           	0124	0000	70
		_I2C1_DO_ADDRESS_NACK		CODE           	0203	0000	45
		_I2C1_SetBuffer		CODE           	035B	0000	17
		_I2C1_DO_SEND_RESTART_WRITE		CODE           	0425	0000	6
		_I2C1_MasterClose		CODE           	044E	0000	4
		_I2C1_MasterWrite		CODE           	0402	0000	6
		_I2C1_Initialize		CODE           	03C7	0000	10
		_I2C1_Close    		CODE           	02E3	0000	29
		_I2C1_MasterIsNack		CODE           	03FC	0000	7
		_I2C1_MasterStart		CODE           	0448	0000	4
		_I2C1_DO_SEND_ADR_WRITE		CODE           	03E1	0000	9
		_I2C1_MasterClearIrq		CODE           	0451	0000	4
		_I2C1_SetDataCompleteCallback		CODE           	037B	0000	15
		_I2C1_DO_SEND_STOP		CODE           	041B	0000	6
		_I2C1_MasterSendAck		CODE           	043D	0000	5
		_I2C1_MasterFsm		CODE           	022F	0000	44
		_I2C1_MasterIsr		CODE           	0439	0000	5
		_I2C1_MasterGetRxData		CODE           	045A	0000	4
		_I2C1_SetInterruptHandler		CODE           	03F6	0000	7
		_I2C1_MasterSetIrq		CODE           	0457	0000	4
		_I2C1_DO_SEND_ADR_READ		CODE           	03D0	0000	10
		_I2C1_MasterEnableIrq		CODE           	0445	0000	4
		_I2C1_DO_RX_NACK_STOP		CODE           	0411	0000	6

mcc_generated_files/i2c1_master.c estimated size: 701

mcc_generated_files/interrupt_manager.c
		_INTERRUPT_InterruptManager		CODE           	0004	0000	34

mcc_generated_files/interrupt_manager.c estimated size: 34

mcc_generated_files/pin_manager.c
		_PIN_MANAGER_Initialize		CODE           	01A1	0000	52

mcc_generated_files/pin_manager.c estimated size: 52

shared
		i1_I2C1_SetBuffer		CODE           	036B	0000	17
		i1_I2C1_SetCallback		CODE           	0281	0000	39
		__initialization		CODE           	0027	0000	9
		_i2c1_fsmStateTable		STRCODE        	02A7	0000	33
		i1_I2C1_MasterClearIrq		CODE           	0454	0000	4
		i1_I2C1_SetDataCompleteCallback		CODE           	03B1	0000	14

shared estimated size: 116

mcc_generated_files/mcc.c
		_PMD_Initialize		CODE           	03D9	0000	9
		_OSCILLATOR_Initialize		CODE           	03BE	0000	10
		_SYSTEM_Initialize		CODE           	0397	0000	14

mcc_generated_files/mcc.c estimated size: 33

main.c
		_main          		CODE           	0033	0000	87

main.c estimated size: 87

